// Jest Snapshot v1, https://goo.gl/fbAQLP

exports[`gatsby-node: sourceNodes typedoc: latest should generate project 1`] = `
{
  "id": "typedoc-default",
  "internal": {
    "content": "{"sourceFileToPackageName":{},"redirectTargetsMap":{},"usesUriStyleNodeCoreModules":false,"structureIsReused":0,"id":0,"name":"default","kind":0,"kindString":"Project","flags":{},"children":[{"id":3,"name":"TestClass1","kind":128,"kindString":"Class","flags":{},"children":[{"id":4,"name":"constructor","kind":512,"kindString":"Constructor","flags":{},"signatures":[{"id":5,"name":"new TestClass1","kind":16384,"kindString":"Constructor signature","flags":{},"type":{"type":"reference","id":3,"name":"TestClass1"}}]},{"id":6,"name":"propPrivate","kind":1024,"kindString":"Property","flags":{"isPrivate":true},"type":{"type":"intrinsic","name":"string"}},{"id":7,"name":"propPublic","kind":1024,"kindString":"Property","flags":{"isPublic":true},"type":{"type":"intrinsic","name":"string"}},{"id":14,"name":"getterPublic","kind":262144,"kindString":"Accessor","flags":{},"getSignature":[{"id":15,"name":"getterPublic","kind":524288,"kindString":"Get signature","flags":{},"type":{"type":"intrinsic","name":"number"}}]},{"id":16,"name":"setterPublic","kind":262144,"kindString":"Accessor","flags":{},"setSignature":[{"id":17,"name":"setterPublic","kind":1048576,"kindString":"Set signature","flags":{},"parameters":[{"id":18,"name":"value","kind":32768,"kindString":"Parameter","flags":{},"type":{"type":"intrinsic","name":"string"}}],"type":{"type":"intrinsic","name":"void"}}]},{"id":10,"name":"getPrivate","kind":2048,"kindString":"Method","flags":{"isPrivate":true},"signatures":[{"id":11,"name":"getPrivate","kind":4096,"kindString":"Call signature","flags":{},"type":{"type":"intrinsic","name":"boolean"}}]},{"id":12,"name":"getProtected","kind":2048,"kindString":"Method","flags":{"isProtected":true},"signatures":[{"id":13,"name":"getProtected","kind":4096,"kindString":"Call signature","flags":{},"type":{"type":"intrinsic","name":"boolean"}}]},{"id":8,"name":"getPublic","kind":2048,"kindString":"Method","flags":{"isPublic":true},"signatures":[{"id":9,"name":"getPublic","kind":4096,"kindString":"Call signature","flags":{},"type":{"type":"intrinsic","name":"boolean"}}]}],"groups":[{"title":"Constructors","kind":512,"children":[4]},{"title":"Properties","kind":1024,"children":[6,7]},{"title":"Accessors","kind":262144,"children":[14,16]},{"title":"Methods","kind":2048,"children":[10,12,8]}]},{"id":1,"name":"exportedFn","kind":64,"kindString":"Function","flags":{},"signatures":[{"id":2,"name":"exportedFn","kind":4096,"kindString":"Call signature","flags":{},"type":{"type":"intrinsic","name":"number"}}]},{"id":19,"name":"util","kind":64,"kindString":"Function","flags":{},"signatures":[{"id":20,"name":"util","kind":4096,"kindString":"Call signature","flags":{},"type":{"type":"intrinsic","name":"string"}}]}],"groups":[{"title":"Classes","kind":128,"children":[3]},{"title":"Functions","kind":64,"children":[1,19]}]}",
    "contentDigest": "testdigest",
    "type": "Typedoc",
  },
  "source": {
    "categories": undefined,
    "children": [
      {
        "categories": undefined,
        "children": [
          {
            "categories": undefined,
            "children": undefined,
            "comment": undefined,
            "decorates": undefined,
            "decorators": undefined,
            "defaultValue": undefined,
            "extendedBy": undefined,
            "extendedTypes": undefined,
            "flags": {},
            "groups": undefined,
            "id": 4,
            "implementationOf": undefined,
            "implementedBy": undefined,
            "implementedTypes": undefined,
            "indexSignature": undefined,
            "inheritedFrom": undefined,
            "kind": 512,
            "kindString": "Constructor",
            "name": "constructor",
            "overwrites": undefined,
            "signatures": [
              {
                "comment": undefined,
                "decorates": undefined,
                "decorators": undefined,
                "flags": {},
                "id": 5,
                "implementationOf": undefined,
                "inheritedFrom": undefined,
                "kind": 16384,
                "kindString": "Constructor signature",
                "name": "new TestClass1",
                "overwrites": undefined,
                "parameters": undefined,
                "type": {
                  "id": 3,
                  "name": "TestClass1",
                  "type": "reference",
                },
                "typeParameter": undefined,
              },
            ],
            "sources": undefined,
            "type": undefined,
            "typeParameter": undefined,
          },
          {
            "categories": undefined,
            "children": undefined,
            "comment": undefined,
            "decorates": undefined,
            "decorators": undefined,
            "defaultValue": undefined,
            "extendedBy": undefined,
            "extendedTypes": undefined,
            "flags": {
              "isPrivate": true,
            },
            "groups": undefined,
            "id": 6,
            "implementationOf": undefined,
            "implementedBy": undefined,
            "implementedTypes": undefined,
            "indexSignature": undefined,
            "inheritedFrom": undefined,
            "kind": 1024,
            "kindString": "Property",
            "name": "propPrivate",
            "overwrites": undefined,
            "signatures": undefined,
            "sources": undefined,
            "type": {
              "name": "string",
              "type": "intrinsic",
            },
            "typeParameter": undefined,
          },
          {
            "categories": undefined,
            "children": undefined,
            "comment": undefined,
            "decorates": undefined,
            "decorators": undefined,
            "defaultValue": undefined,
            "extendedBy": undefined,
            "extendedTypes": undefined,
            "flags": {
              "isPublic": true,
            },
            "groups": undefined,
            "id": 7,
            "implementationOf": undefined,
            "implementedBy": undefined,
            "implementedTypes": undefined,
            "indexSignature": undefined,
            "inheritedFrom": undefined,
            "kind": 1024,
            "kindString": "Property",
            "name": "propPublic",
            "overwrites": undefined,
            "signatures": undefined,
            "sources": undefined,
            "type": {
              "name": "string",
              "type": "intrinsic",
            },
            "typeParameter": undefined,
          },
          {
            "categories": undefined,
            "children": undefined,
            "comment": undefined,
            "decorates": undefined,
            "decorators": undefined,
            "defaultValue": undefined,
            "extendedBy": undefined,
            "extendedTypes": undefined,
            "flags": {},
            "getSignature": [
              {
                "comment": undefined,
                "decorates": undefined,
                "decorators": undefined,
                "flags": {},
                "id": 15,
                "implementationOf": undefined,
                "inheritedFrom": undefined,
                "kind": 524288,
                "kindString": "Get signature",
                "name": "getterPublic",
                "overwrites": undefined,
                "parameters": undefined,
                "type": {
                  "name": "number",
                  "type": "intrinsic",
                },
                "typeParameter": undefined,
              },
            ],
            "groups": undefined,
            "id": 14,
            "implementationOf": undefined,
            "implementedBy": undefined,
            "implementedTypes": undefined,
            "indexSignature": undefined,
            "inheritedFrom": undefined,
            "kind": 262144,
            "kindString": "Accessor",
            "name": "getterPublic",
            "overwrites": undefined,
            "signatures": undefined,
            "sources": undefined,
            "type": undefined,
            "typeParameter": undefined,
          },
          {
            "categories": undefined,
            "children": undefined,
            "comment": undefined,
            "decorates": undefined,
            "decorators": undefined,
            "defaultValue": undefined,
            "extendedBy": undefined,
            "extendedTypes": undefined,
            "flags": {},
            "groups": undefined,
            "id": 16,
            "implementationOf": undefined,
            "implementedBy": undefined,
            "implementedTypes": undefined,
            "indexSignature": undefined,
            "inheritedFrom": undefined,
            "kind": 262144,
            "kindString": "Accessor",
            "name": "setterPublic",
            "overwrites": undefined,
            "setSignature": [
              {
                "comment": undefined,
                "decorates": undefined,
                "decorators": undefined,
                "flags": {},
                "id": 17,
                "implementationOf": undefined,
                "inheritedFrom": undefined,
                "kind": 1048576,
                "kindString": "Set signature",
                "name": "setterPublic",
                "overwrites": undefined,
                "parameters": [
                  {
                    "comment": undefined,
                    "decorates": undefined,
                    "decorators": undefined,
                    "defaultValue": undefined,
                    "flags": {},
                    "id": 18,
                    "kind": 32768,
                    "kindString": "Parameter",
                    "name": "value",
                    "type": {
                      "name": "string",
                      "type": "intrinsic",
                    },
                  },
                ],
                "type": {
                  "name": "void",
                  "type": "intrinsic",
                },
                "typeParameter": undefined,
              },
            ],
            "signatures": undefined,
            "sources": undefined,
            "type": undefined,
            "typeParameter": undefined,
          },
          {
            "categories": undefined,
            "children": undefined,
            "comment": undefined,
            "decorates": undefined,
            "decorators": undefined,
            "defaultValue": undefined,
            "extendedBy": undefined,
            "extendedTypes": undefined,
            "flags": {
              "isPrivate": true,
            },
            "groups": undefined,
            "id": 10,
            "implementationOf": undefined,
            "implementedBy": undefined,
            "implementedTypes": undefined,
            "indexSignature": undefined,
            "inheritedFrom": undefined,
            "kind": 2048,
            "kindString": "Method",
            "name": "getPrivate",
            "overwrites": undefined,
            "signatures": [
              {
                "comment": undefined,
                "decorates": undefined,
                "decorators": undefined,
                "flags": {},
                "id": 11,
                "implementationOf": undefined,
                "inheritedFrom": undefined,
                "kind": 4096,
                "kindString": "Call signature",
                "name": "getPrivate",
                "overwrites": undefined,
                "parameters": undefined,
                "type": {
                  "name": "boolean",
                  "type": "intrinsic",
                },
                "typeParameter": undefined,
              },
            ],
            "sources": undefined,
            "type": undefined,
            "typeParameter": undefined,
          },
          {
            "categories": undefined,
            "children": undefined,
            "comment": undefined,
            "decorates": undefined,
            "decorators": undefined,
            "defaultValue": undefined,
            "extendedBy": undefined,
            "extendedTypes": undefined,
            "flags": {
              "isProtected": true,
            },
            "groups": undefined,
            "id": 12,
            "implementationOf": undefined,
            "implementedBy": undefined,
            "implementedTypes": undefined,
            "indexSignature": undefined,
            "inheritedFrom": undefined,
            "kind": 2048,
            "kindString": "Method",
            "name": "getProtected",
            "overwrites": undefined,
            "signatures": [
              {
                "comment": undefined,
                "decorates": undefined,
                "decorators": undefined,
                "flags": {},
                "id": 13,
                "implementationOf": undefined,
                "inheritedFrom": undefined,
                "kind": 4096,
                "kindString": "Call signature",
                "name": "getProtected",
                "overwrites": undefined,
                "parameters": undefined,
                "type": {
                  "name": "boolean",
                  "type": "intrinsic",
                },
                "typeParameter": undefined,
              },
            ],
            "sources": undefined,
            "type": undefined,
            "typeParameter": undefined,
          },
          {
            "categories": undefined,
            "children": undefined,
            "comment": undefined,
            "decorates": undefined,
            "decorators": undefined,
            "defaultValue": undefined,
            "extendedBy": undefined,
            "extendedTypes": undefined,
            "flags": {
              "isPublic": true,
            },
            "groups": undefined,
            "id": 8,
            "implementationOf": undefined,
            "implementedBy": undefined,
            "implementedTypes": undefined,
            "indexSignature": undefined,
            "inheritedFrom": undefined,
            "kind": 2048,
            "kindString": "Method",
            "name": "getPublic",
            "overwrites": undefined,
            "signatures": [
              {
                "comment": undefined,
                "decorates": undefined,
                "decorators": undefined,
                "flags": {},
                "id": 9,
                "implementationOf": undefined,
                "inheritedFrom": undefined,
                "kind": 4096,
                "kindString": "Call signature",
                "name": "getPublic",
                "overwrites": undefined,
                "parameters": undefined,
                "type": {
                  "name": "boolean",
                  "type": "intrinsic",
                },
                "typeParameter": undefined,
              },
            ],
            "sources": undefined,
            "type": undefined,
            "typeParameter": undefined,
          },
        ],
        "comment": undefined,
        "decorates": undefined,
        "decorators": undefined,
        "defaultValue": undefined,
        "extendedBy": undefined,
        "extendedTypes": undefined,
        "flags": {},
        "groups": [
          {
            "children": [
              4,
            ],
            "kind": 512,
            "title": "Constructors",
          },
          {
            "children": [
              6,
              7,
            ],
            "kind": 1024,
            "title": "Properties",
          },
          {
            "children": [
              14,
              16,
            ],
            "kind": 262144,
            "title": "Accessors",
          },
          {
            "children": [
              10,
              12,
              8,
            ],
            "kind": 2048,
            "title": "Methods",
          },
        ],
        "id": 3,
        "implementationOf": undefined,
        "implementedBy": undefined,
        "implementedTypes": undefined,
        "indexSignature": undefined,
        "inheritedFrom": undefined,
        "kind": 128,
        "kindString": "Class",
        "name": "TestClass1",
        "overwrites": undefined,
        "signatures": undefined,
        "sources": undefined,
        "type": undefined,
        "typeParameter": undefined,
      },
      {
        "categories": undefined,
        "children": undefined,
        "comment": undefined,
        "decorates": undefined,
        "decorators": undefined,
        "defaultValue": undefined,
        "extendedBy": undefined,
        "extendedTypes": undefined,
        "flags": {},
        "groups": undefined,
        "id": 1,
        "implementationOf": undefined,
        "implementedBy": undefined,
        "implementedTypes": undefined,
        "indexSignature": undefined,
        "inheritedFrom": undefined,
        "kind": 64,
        "kindString": "Function",
        "name": "exportedFn",
        "overwrites": undefined,
        "signatures": [
          {
            "comment": undefined,
            "decorates": undefined,
            "decorators": undefined,
            "flags": {},
            "id": 2,
            "implementationOf": undefined,
            "inheritedFrom": undefined,
            "kind": 4096,
            "kindString": "Call signature",
            "name": "exportedFn",
            "overwrites": undefined,
            "parameters": undefined,
            "type": {
              "name": "number",
              "type": "intrinsic",
            },
            "typeParameter": undefined,
          },
        ],
        "sources": undefined,
        "type": undefined,
        "typeParameter": undefined,
      },
      {
        "categories": undefined,
        "children": undefined,
        "comment": undefined,
        "decorates": undefined,
        "decorators": undefined,
        "defaultValue": undefined,
        "extendedBy": undefined,
        "extendedTypes": undefined,
        "flags": {},
        "groups": undefined,
        "id": 19,
        "implementationOf": undefined,
        "implementedBy": undefined,
        "implementedTypes": undefined,
        "indexSignature": undefined,
        "inheritedFrom": undefined,
        "kind": 64,
        "kindString": "Function",
        "name": "util",
        "overwrites": undefined,
        "signatures": [
          {
            "comment": undefined,
            "decorates": undefined,
            "decorators": undefined,
            "flags": {},
            "id": 20,
            "implementationOf": undefined,
            "inheritedFrom": undefined,
            "kind": 4096,
            "kindString": "Call signature",
            "name": "util",
            "overwrites": undefined,
            "parameters": undefined,
            "type": {
              "name": "string",
              "type": "intrinsic",
            },
            "typeParameter": undefined,
          },
        ],
        "sources": undefined,
        "type": undefined,
        "typeParameter": undefined,
      },
    ],
    "comment": undefined,
    "decorates": undefined,
    "decorators": undefined,
    "directoryExists": undefined,
    "dropDiagnosticsProducingTypeChecker": [Function],
    "emit": [Function],
    "emitBuildInfo": [Function],
    "fileExists": [Function],
    "flags": {},
    "forEachResolvedProjectReference": [Function],
    "getBindAndCheckDiagnostics": [Function],
    "getCachedSemanticDiagnostics": [Function],
    "getClassifiableNames": [Function],
    "getCommonSourceDirectory": [Function],
    "getCompilerOptions": [Function],
    "getConfigFileParsingDiagnostics": [Function],
    "getCurrentDirectory": [Function],
    "getDeclarationDiagnostics": [Function],
    "getDiagnosticsProducingTypeChecker": [Function],
    "getFileIncludeReasons": [Function],
    "getFileProcessingDiagnostics": [Function],
    "getFilesByNameMap": [Function],
    "getGlobalDiagnostics": [Function],
    "getIdentifierCount": [Function],
    "getInstantiationCount": [Function],
    "getLibFileFromReference": [Function],
    "getMissingFilePaths": [Function],
    "getModuleResolutionCache": [Function],
    "getNodeCount": [Function],
    "getOptionsDiagnostics": [Function],
    "getProgramDiagnostics": [Function],
    "getProjectReferenceRedirect": [Function],
    "getProjectReferences": [Function],
    "getRelationCacheSizes": [Function],
    "getResolvedModuleWithFailedLookupLocationsFromCache": [Function],
    "getResolvedProjectReferenceByPath": [Function],
    "getResolvedProjectReferenceToRedirect": [Function],
    "getResolvedProjectReferences": [Function],
    "getResolvedTypeReferenceDirectives": [Function],
    "getRootFileNames": [Function],
    "getSemanticDiagnostics": [Function],
    "getSourceFile": [Function],
    "getSourceFileByPath": [Function],
    "getSourceFileFromReference": [Function],
    "getSourceFiles": [Function],
    "getSuggestionDiagnostics": [Function],
    "getSymbolCount": [Function],
    "getSymlinkCache": [Function],
    "getSyntacticDiagnostics": [Function],
    "getTypeChecker": [Function],
    "getTypeCount": [Function],
    "groups": [
      {
        "children": [
          3,
        ],
        "kind": 128,
        "title": "Classes",
      },
      {
        "children": [
          1,
          19,
        ],
        "kind": 64,
        "title": "Functions",
      },
    ],
    "id": 0,
    "isEmittedFile": [Function],
    "isSourceFileDefaultLibrary": [Function],
    "isSourceFileFromExternalLibrary": [Function],
    "isSourceOfProjectReferenceRedirect": [Function],
    "kind": 0,
    "kindString": "Project",
    "name": "default",
    "readFile": [Function],
    "realpath": [Function],
    "redirectTargetsMap": Map {},
    "sources": undefined,
    "structureIsReused": 0,
    "useCaseSensitiveFileNames": [Function],
    "usesUriStyleNodeCoreModules": false,
  },
  "typedocId": "default",
}
`;
